127.0.0.1 - - [16/Jul/2024:11:02:33 +0530] "GET / HTTP/1.1" 404 751
0:0:0:0:0:0:0:1 - - [16/Jul/2024:11:02:34 +0530] "GET /06-hello-servlet-demo/ HTTP/1.1" 200 3104
0:0:0:0:0:0:0:1 - - [16/Jul/2024:11:02:34 +0530] "GET /favicon.ico HTTP/1.1" 404 762
0:0:0:0:0:0:0:1 - - [16/Jul/2024:11:02:42 +0530] "POST /06-hello-servlet-demo/hello HTTP/1.1" 200 16
0:0:0:0:0:0:0:1 - - [16/Jul/2024:11:03:10 +0530] "GET /06-hello-servlet-demo/ HTTP/1.1" 200 3104
0:0:0:0:0:0:0:1 - - [16/Jul/2024:11:03:10 +0530] "GET /06-hello-servlet-demo/ HTTP/1.1" 200 3104
0:0:0:0:0:0:0:1 - - [16/Jul/2024:11:03:16 +0530] "POST /06-hello-servlet-demo/hello HTTP/1.1" 200 22
0:0:0:0:0:0:0:1 - - [16/Jul/2024:11:05:49 +0530] "GET /06-hello-servlet-demo/ HTTP/1.1" 200 3104
0:0:0:0:0:0:0:1 - - [16/Jul/2024:11:05:49 +0530] "GET /06-hello-servlet-demo/ HTTP/1.1" 200 3104
0:0:0:0:0:0:0:1 - - [16/Jul/2024:11:05:54 +0530] "POST /06-hello-servlet-demo/hello HTTP/1.1" 200 104
127.0.0.1 - - [16/Jul/2024:11:53:11 +0530] "GET / HTTP/1.1" 404 751
0:0:0:0:0:0:0:1 - - [16/Jul/2024:11:53:12 +0530] "GET /06-hello-servlet-demo/ HTTP/1.1" 200 3104
0:0:0:0:0:0:0:1 - - [16/Jul/2024:11:53:19 +0530] "POST /06-hello-servlet-demo/hello HTTP/1.1" 200 104
0:0:0:0:0:0:0:1 - - [16/Jul/2024:12:21:19 +0530] "GET /06-hello-servlet-demo/ HTTP/1.1" 200 3104
0:0:0:0:0:0:0:1 - - [16/Jul/2024:12:21:19 +0530] "GET /06-hello-servlet-demo/ HTTP/1.1" 200 3104
0:0:0:0:0:0:0:1 - - [16/Jul/2024:12:21:20 +0530] "GET /06-hello-servlet-demo/ HTTP/1.1" 200 3104
0:0:0:0:0:0:0:1 - - [16/Jul/2024:12:21:20 +0530] "GET /06-hello-servlet-demo/ HTTP/1.1" 200 3104
0:0:0:0:0:0:0:1 - - [16/Jul/2024:12:21:21 +0530] "POST /06-hello-servlet-demo/hello HTTP/1.1" 200 98
0:0:0:0:0:0:0:1 - - [16/Jul/2024:12:21:24 +0530] "POST /06-hello-servlet-demo/hello HTTP/1.1" 200 108
127.0.0.1 - - [16/Jul/2024:12:21:48 +0530] "GET / HTTP/1.1" 404 751
0:0:0:0:0:0:0:1 - - [16/Jul/2024:12:21:49 +0530] "GET /06-hello-servlet-demo/hello HTTP/1.1" 405 751
0:0:0:0:0:0:0:1 - - [16/Jul/2024:12:21:59 +0530] "GET /06-hello-servlet-demo/student-form.jsp HTTP/1.1" 200 3104
0:0:0:0:0:0:0:1 - - [16/Jul/2024:12:22:01 +0530] "POST /06-hello-servlet-demo/hello HTTP/1.1" 200 108
0:0:0:0:0:0:0:1 - - [16/Jul/2024:12:23:52 +0530] "GET /06-hello-servlet-demo/ HTTP/1.1" 200 3104
0:0:0:0:0:0:0:1 - - [16/Jul/2024:12:23:58 +0530] "POST /06-hello-servlet-demo/hello HTTP/1.1" 200 108
127.0.0.1 - - [16/Jul/2024:12:24:33 +0530] "GET / HTTP/1.1" 404 751
0:0:0:0:0:0:0:1 - - [16/Jul/2024:12:24:33 +0530] "GET /06-hello-servlet-demo/ HTTP/1.1" 200 3104
0:0:0:0:0:0:0:1 - - [16/Jul/2024:12:24:37 +0530] "POST /06-hello-servlet-demo/hello HTTP/1.1" 200 108
127.0.0.1 - - [16/Jul/2024:12:26:33 +0530] "GET / HTTP/1.1" 404 751
0:0:0:0:0:0:0:1 - - [16/Jul/2024:12:26:33 +0530] "GET /06-hello-servlet-demo/ HTTP/1.1" 200 3104
0:0:0:0:0:0:0:1 - - [16/Jul/2024:12:26:36 +0530] "POST /06-hello-servlet-demo/hello HTTP/1.1" 200 126
127.0.0.1 - - [16/Jul/2024:12:58:35 +0530] "GET / HTTP/1.1" 404 751
0:0:0:0:0:0:0:1 - - [16/Jul/2024:12:58:37 +0530] "GET /07-mvc-demo/student HTTP/1.1" 200 159
0:0:0:0:0:0:0:1 - - [16/Jul/2024:13:02:39 +0530] "GET /07-mvc-demo/student HTTP/1.1" 200 1344
127.0.0.1 - - [16/Jul/2024:13:04:10 +0530] "GET / HTTP/1.1" 404 751
0:0:0:0:0:0:0:1 - - [16/Jul/2024:13:04:10 +0530] "GET /07-mvc-demo/student HTTP/1.1" 200 1344
127.0.0.1 - - [16/Jul/2024:13:04:47 +0530] "GET / HTTP/1.1" 404 751
0:0:0:0:0:0:0:1 - - [16/Jul/2024:13:04:48 +0530] "GET /07-mvc-demo/student HTTP/1.1" 200 1473
0:0:0:0:0:0:0:1 - - [16/Jul/2024:13:05:53 +0530] "GET /07-mvc-demo/student HTTP/1.1" 200 1473
0:0:0:0:0:0:0:1 - - [16/Jul/2024:13:06:20 +0530] "GET /07-mvc-demo/student HTTP/1.1" 200 1473
0:0:0:0:0:0:0:1 - - [16/Jul/2024:13:08:54 +0530] "GET /07-mvc-demo/student HTTP/1.1" 200 1473
0:0:0:0:0:0:0:1 - - [16/Jul/2024:13:10:35 +0530] "GET /07-mvc-demo/student HTTP/1.1" 200 1479
127.0.0.1 - - [16/Jul/2024:13:14:06 +0530] "GET / HTTP/1.1" 404 751
0:0:0:0:0:0:0:1 - - [16/Jul/2024:13:14:07 +0530] "GET /07-mvc-demo/student HTTP/1.1" 200 1343
127.0.0.1 - - [16/Jul/2024:13:16:42 +0530] "GET / HTTP/1.1" 404 751
0:0:0:0:0:0:0:1 - - [16/Jul/2024:13:16:43 +0530] "GET /07-mvc-demo/student HTTP/1.1" 200 1344
0:0:0:0:0:0:0:1 - - [16/Jul/2024:13:17:25 +0530] "GET /07-mvc-demo/student HTTP/1.1" 200 1343
0:0:0:0:0:0:0:1 - - [16/Jul/2024:13:17:27 +0530] "GET /07-mvc-demo/student HTTP/1.1" 200 1341
0:0:0:0:0:0:0:1 - - [16/Jul/2024:13:19:00 +0530] "GET /07-mvc-demo/student HTTP/1.1" 200 1597
0:0:0:0:0:0:0:1 - - [16/Jul/2024:13:19:54 +0530] "GET /07-mvc-demo/student HTTP/1.1" 200 1561
127.0.0.1 - - [16/Jul/2024:13:33:02 +0530] "GET / HTTP/1.1" 404 751
0:0:0:0:0:0:0:1 - - [16/Jul/2024:13:33:02 +0530] "GET /07-mvc-demo/student HTTP/1.1" 200 1561
127.0.0.1 - - [16/Jul/2024:13:34:50 +0530] "GET / HTTP/1.1" 404 751
0:0:0:0:0:0:0:1 - - [16/Jul/2024:13:34:50 +0530] "GET /07-mvc-demo/student HTTP/1.1" 200 1561
127.0.0.1 - - [16/Jul/2024:13:35:41 +0530] "GET / HTTP/1.1" 404 751
0:0:0:0:0:0:0:1 - - [16/Jul/2024:13:35:42 +0530] "GET /07-mvc-demo/student HTTP/1.1" 200 -
127.0.0.1 - - [16/Jul/2024:13:37:18 +0530] "GET / HTTP/1.1" 404 751
0:0:0:0:0:0:0:1 - - [16/Jul/2024:13:37:18 +0530] "GET /07-mvc-demo/student HTTP/1.1" 200 1561
127.0.0.1 - - [16/Jul/2024:13:38:13 +0530] "GET / HTTP/1.1" 404 751
0:0:0:0:0:0:0:1 - - [16/Jul/2024:13:38:13 +0530] "GET /07-mvc-demo/student HTTP/1.1" 404 780
127.0.0.1 - - [16/Jul/2024:13:41:54 +0530] "GET / HTTP/1.1" 404 751
0:0:0:0:0:0:0:1 - - [16/Jul/2024:13:41:54 +0530] "GET /07-mvc-demo/student HTTP/1.1" 200 1561
127.0.0.1 - - [16/Jul/2024:13:43:27 +0530] "GET / HTTP/1.1" 404 751
0:0:0:0:0:0:0:1 - - [16/Jul/2024:13:43:28 +0530] "GET /07-mvc-demo/student HTTP/1.1" 200 1561
0:0:0:0:0:0:0:1 - - [16/Jul/2024:15:38:29 +0530] "GET /07-mvc-demo/student HTTP/1.1" 200 1561
127.0.0.1 - - [16/Jul/2024:16:26:52 +0530] "GET / HTTP/1.1" 404 751
0:0:0:0:0:0:0:1 - - [16/Jul/2024:16:26:53 +0530] "GET /08-jdbc-test/JDBCDemo HTTP/1.1" 200 -
127.0.0.1 - - [16/Jul/2024:16:29:05 +0530] "GET / HTTP/1.1" 404 751
0:0:0:0:0:0:0:1 - - [16/Jul/2024:16:29:07 +0530] "GET /08-jdbc-test/JDBCDemo HTTP/1.1" 200 -
127.0.0.1 - - [16/Jul/2024:16:31:34 +0530] "GET / HTTP/1.1" 404 751
0:0:0:0:0:0:0:1 - - [16/Jul/2024:16:31:35 +0530] "GET /08-jdbc-test/JDBCDemo HTTP/1.1" 200 -
127.0.0.1 - - [16/Jul/2024:16:35:54 +0530] "GET / HTTP/1.1" 404 751
0:0:0:0:0:0:0:1 - - [16/Jul/2024:16:35:56 +0530] "GET /08-jdbc-test/JDBCDemo HTTP/1.1" 200 -
127.0.0.1 - - [16/Jul/2024:16:36:30 +0530] "GET / HTTP/1.1" 404 751
0:0:0:0:0:0:0:1 - - [16/Jul/2024:16:36:32 +0530] "GET /08-jdbc-test/JDBCDemo HTTP/1.1" 200 -
127.0.0.1 - - [16/Jul/2024:16:52:39 +0530] "GET / HTTP/1.1" 404 751
0:0:0:0:0:0:0:1 - - [16/Jul/2024:16:52:41 +0530] "GET /08-jdbc-test/JDBCDemo HTTP/1.1" 200 -
127.0.0.1 - - [16/Jul/2024:16:57:59 +0530] "GET / HTTP/1.1" 404 751
0:0:0:0:0:0:0:1 - - [16/Jul/2024:16:58:01 +0530] "GET /08-jdbc-test/JDBCDemo HTTP/1.1" 200 -
127.0.0.1 - - [16/Jul/2024:16:58:21 +0530] "GET / HTTP/1.1" 404 751
0:0:0:0:0:0:0:1 - - [16/Jul/2024:16:58:22 +0530] "GET /08-jdbc-test/JDBCDemo HTTP/1.1" 200 -
127.0.0.1 - - [16/Jul/2024:16:59:49 +0530] "GET / HTTP/1.1" 404 751
0:0:0:0:0:0:0:1 - - [16/Jul/2024:16:59:51 +0530] "GET /08-jdbc-test/JDBCDemo HTTP/1.1" 200 -
127.0.0.1 - - [16/Jul/2024:17:00:34 +0530] "GET / HTTP/1.1" 404 751
0:0:0:0:0:0:0:1 - - [16/Jul/2024:17:00:35 +0530] "GET /08-jdbc-test/JDBCDemo HTTP/1.1" 200 -
127.0.0.1 - - [16/Jul/2024:17:01:39 +0530] "GET / HTTP/1.1" 404 751
0:0:0:0:0:0:0:1 - - [16/Jul/2024:17:01:41 +0530] "GET /08-jdbc-test/JDBCDemo HTTP/1.1" 200 -
127.0.0.1 - - [16/Jul/2024:17:02:48 +0530] "GET / HTTP/1.1" 404 751
0:0:0:0:0:0:0:1 - - [16/Jul/2024:17:02:49 +0530] "GET /08-jdbc-test/JDBCDemo HTTP/1.1" 200 -
127.0.0.1 - - [16/Jul/2024:17:03:14 +0530] "GET / HTTP/1.1" 404 751
0:0:0:0:0:0:0:1 - - [16/Jul/2024:17:03:16 +0530] "GET /08-jdbc-test/JDBCDemo HTTP/1.1" 200 -
127.0.0.1 - - [16/Jul/2024:17:39:59 +0530] "GET / HTTP/1.1" 404 751
0:0:0:0:0:0:0:1 - - [16/Jul/2024:17:40:00 +0530] "GET /09-jdbc-pool/TestConnectionPool HTTP/1.1" 200 -
127.0.0.1 - - [16/Jul/2024:19:23:28 +0530] "GET / HTTP/1.1" 404 751
0:0:0:0:0:0:0:1 - - [16/Jul/2024:19:23:30 +0530] "GET /09-jdbc-pool/PreparedStatementTest HTTP/1.1" 200 -
0:0:0:0:0:0:0:1 - - [16/Jul/2024:19:23:30 +0530] "GET /favicon.ico HTTP/1.1" 404 762
127.0.0.1 - - [16/Jul/2024:19:25:22 +0530] "GET / HTTP/1.1" 404 751
0:0:0:0:0:0:0:1 - - [16/Jul/2024:19:25:23 +0530] "GET /09-jdbc-pool/PreparedStatementTest HTTP/1.1" 200 -
127.0.0.1 - - [16/Jul/2024:19:28:25 +0530] "GET / HTTP/1.1" 404 751
0:0:0:0:0:0:0:1 - - [16/Jul/2024:19:28:26 +0530] "GET /09-jdbc-pool/PreparedStatementTest HTTP/1.1" 200 -
127.0.0.1 - - [16/Jul/2024:19:29:21 +0530] "GET / HTTP/1.1" 404 751
0:0:0:0:0:0:0:1 - - [16/Jul/2024:19:29:22 +0530] "GET /09-jdbc-pool/PreparedStatementTest HTTP/1.1" 200 -
127.0.0.1 - - [16/Jul/2024:19:31:28 +0530] "GET / HTTP/1.1" 404 751
0:0:0:0:0:0:0:1 - - [16/Jul/2024:19:31:29 +0530] "GET /09-jdbc-pool/PreparedStatementTest HTTP/1.1" 200 -
127.0.0.1 - - [16/Jul/2024:19:31:47 +0530] "GET / HTTP/1.1" 404 751
0:0:0:0:0:0:0:1 - - [16/Jul/2024:19:31:48 +0530] "GET /09-jdbc-pool/PreparedStatementTest HTTP/1.1" 200 -
127.0.0.1 - - [16/Jul/2024:19:32:29 +0530] "GET / HTTP/1.1" 404 751
0:0:0:0:0:0:0:1 - - [16/Jul/2024:19:32:31 +0530] "GET /09-jdbc-pool/PreparedStatementTest HTTP/1.1" 200 -
127.0.0.1 - - [16/Jul/2024:19:34:16 +0530] "GET / HTTP/1.1" 404 751
0:0:0:0:0:0:0:1 - - [16/Jul/2024:19:34:17 +0530] "GET /09-jdbc-pool/PreparedStatementTest HTTP/1.1" 200 -
127.0.0.1 - - [16/Jul/2024:19:43:38 +0530] "GET / HTTP/1.1" 404 751
0:0:0:0:0:0:0:1 - - [16/Jul/2024:19:43:40 +0530] "GET /09-jdbc-pool/PreparedStatementTest HTTP/1.1" 200 -
127.0.0.1 - - [16/Jul/2024:19:44:37 +0530] "GET / HTTP/1.1" 404 751
0:0:0:0:0:0:0:1 - - [16/Jul/2024:19:44:39 +0530] "GET /09-jdbc-pool/PreparedStatementTest HTTP/1.1" 200 -
127.0.0.1 - - [16/Jul/2024:19:45:07 +0530] "GET / HTTP/1.1" 404 751
0:0:0:0:0:0:0:1 - - [16/Jul/2024:19:45:09 +0530] "GET /09-jdbc-pool/PreparedStatementTest HTTP/1.1" 200 -
127.0.0.1 - - [16/Jul/2024:19:46:05 +0530] "GET / HTTP/1.1" 404 751
0:0:0:0:0:0:0:1 - - [16/Jul/2024:19:46:06 +0530] "GET /09-jdbc-pool/PreparedStatementTest HTTP/1.1" 200 -
127.0.0.1 - - [16/Jul/2024:19:50:18 +0530] "GET / HTTP/1.1" 404 751
0:0:0:0:0:0:0:1 - - [16/Jul/2024:19:50:20 +0530] "GET /09-jdbc-pool/PreparedStatementTest HTTP/1.1" 200 -
127.0.0.1 - - [16/Jul/2024:20:14:47 +0530] "GET / HTTP/1.1" 404 751
0:0:0:0:0:0:0:1 - - [16/Jul/2024:20:14:48 +0530] "GET /09-jdbc-pool/EmployeeJdbcTest HTTP/1.1" 200 -
127.0.0.1 - - [16/Jul/2024:20:15:15 +0530] "GET / HTTP/1.1" 404 751
0:0:0:0:0:0:0:1 - - [16/Jul/2024:20:15:16 +0530] "GET /09-jdbc-pool/EmployeeJdbcTest HTTP/1.1" 200 -
127.0.0.1 - - [16/Jul/2024:20:16:46 +0530] "GET / HTTP/1.1" 404 751
0:0:0:0:0:0:0:1 - - [16/Jul/2024:20:16:47 +0530] "GET /09-jdbc-pool/EmployeeJdbcTest HTTP/1.1" 200 -
127.0.0.1 - - [16/Jul/2024:20:17:48 +0530] "GET / HTTP/1.1" 404 751
0:0:0:0:0:0:0:1 - - [16/Jul/2024:20:17:49 +0530] "GET /09-jdbc-pool/EmployeeJdbcTest HTTP/1.1" 200 -
0:0:0:0:0:0:0:1 - - [16/Jul/2024:20:21:15 +0530] "GET /09-jdbc-pool/EmployeeJdbcTest HTTP/1.1" 200 -
127.0.0.1 - - [16/Jul/2024:20:21:40 +0530] "GET / HTTP/1.1" 404 751
0:0:0:0:0:0:0:1 - - [16/Jul/2024:20:21:41 +0530] "GET /09-jdbc-pool/EmployeeJdbcTest HTTP/1.1" 200 -
0:0:0:0:0:0:0:1 - - [16/Jul/2024:20:22:50 +0530] "GET /09-jdbc-pool/EmployeeJdbcTest HTTP/1.1" 200 -
127.0.0.1 - - [16/Jul/2024:20:23:08 +0530] "GET / HTTP/1.1" 404 751
0:0:0:0:0:0:0:1 - - [16/Jul/2024:20:23:09 +0530] "GET /09-jdbc-pool/EmployeeJdbcTest HTTP/1.1" 200 -
127.0.0.1 - - [16/Jul/2024:20:24:55 +0530] "GET / HTTP/1.1" 404 751
0:0:0:0:0:0:0:1 - - [16/Jul/2024:20:24:57 +0530] "GET /09-jdbc-pool/PreparedStatementTest HTTP/1.1" 200 -
0:0:0:0:0:0:0:1 - - [16/Jul/2024:20:46:11 +0530] "GET /09-jdbc-pool/EmployeeJdbcTest HTTP/1.1" 200 -
0:0:0:0:0:0:0:1 - - [16/Jul/2024:20:47:15 +0530] "GET /09-jdbc-pool/EmployeeJdbcTest HTTP/1.1" 200 -
127.0.0.1 - - [16/Jul/2024:20:47:31 +0530] "GET / HTTP/1.1" 404 751
0:0:0:0:0:0:0:1 - - [16/Jul/2024:20:47:31 +0530] "GET /09-jdbc-pool/EmployeeJdbcTest HTTP/1.1" 200 -
127.0.0.1 - - [16/Jul/2024:20:51:13 +0530] "GET / HTTP/1.1" 404 751
0:0:0:0:0:0:0:1 - - [16/Jul/2024:20:51:13 +0530] "GET /09-jdbc-pool/EmployeeJdbcTest HTTP/1.1" 200 -
127.0.0.1 - - [16/Jul/2024:20:51:45 +0530] "GET / HTTP/1.1" 404 751
0:0:0:0:0:0:0:1 - - [16/Jul/2024:20:51:46 +0530] "GET /09-jdbc-pool/EmployeeJdbcTest HTTP/1.1" 200 -
127.0.0.1 - - [16/Jul/2024:20:52:08 +0530] "GET / HTTP/1.1" 404 751
0:0:0:0:0:0:0:1 - - [16/Jul/2024:20:52:09 +0530] "GET /09-jdbc-pool/EmployeeJdbcTest HTTP/1.1" 200 -
127.0.0.1 - - [16/Jul/2024:20:53:52 +0530] "GET / HTTP/1.1" 404 751
0:0:0:0:0:0:0:1 - - [16/Jul/2024:20:53:53 +0530] "GET /09-jdbc-pool/EmployeeJdbcTest HTTP/1.1" 200 -
127.0.0.1 - - [16/Jul/2024:20:54:36 +0530] "GET / HTTP/1.1" 404 751
0:0:0:0:0:0:0:1 - - [16/Jul/2024:20:54:37 +0530] "GET /09-jdbc-pool/EmployeeJdbcTest HTTP/1.1" 200 -
127.0.0.1 - - [16/Jul/2024:20:55:00 +0530] "GET / HTTP/1.1" 404 751
0:0:0:0:0:0:0:1 - - [16/Jul/2024:20:55:00 +0530] "GET /09-jdbc-pool/EmployeeJdbcTest HTTP/1.1" 200 -
127.0.0.1 - - [16/Jul/2024:20:55:23 +0530] "GET / HTTP/1.1" 404 751
0:0:0:0:0:0:0:1 - - [16/Jul/2024:20:55:24 +0530] "GET /09-jdbc-pool/EmployeeJdbcTest HTTP/1.1" 200 -
127.0.0.1 - - [16/Jul/2024:20:55:47 +0530] "GET / HTTP/1.1" 404 751
0:0:0:0:0:0:0:1 - - [16/Jul/2024:20:55:47 +0530] "GET /09-jdbc-pool/EmployeeJdbcTest HTTP/1.1" 200 -
127.0.0.1 - - [16/Jul/2024:20:58:21 +0530] "GET / HTTP/1.1" 404 751
0:0:0:0:0:0:0:1 - - [16/Jul/2024:20:58:21 +0530] "GET /09-jdbc-pool/EmployeeJdbcTest HTTP/1.1" 200 -
127.0.0.1 - - [16/Jul/2024:21:00:30 +0530] "GET / HTTP/1.1" 404 751
0:0:0:0:0:0:0:1 - - [16/Jul/2024:21:00:31 +0530] "GET /09-jdbc-pool/EmployeeJdbcTest HTTP/1.1" 200 -
127.0.0.1 - - [16/Jul/2024:21:05:00 +0530] "GET / HTTP/1.1" 404 751
0:0:0:0:0:0:0:1 - - [16/Jul/2024:21:05:01 +0530] "GET /09-jdbc-pool/EmployeeJdbcTest HTTP/1.1" 200 -
127.0.0.1 - - [16/Jul/2024:21:05:29 +0530] "GET / HTTP/1.1" 404 751
0:0:0:0:0:0:0:1 - - [16/Jul/2024:21:05:29 +0530] "GET /09-jdbc-pool/EmployeeJdbcTest HTTP/1.1" 200 -
127.0.0.1 - - [16/Jul/2024:21:05:52 +0530] "GET / HTTP/1.1" 404 751
0:0:0:0:0:0:0:1 - - [16/Jul/2024:21:05:52 +0530] "GET /09-jdbc-pool/EmployeeJdbcTest HTTP/1.1" 200 -
127.0.0.1 - - [16/Jul/2024:21:06:27 +0530] "GET / HTTP/1.1" 404 751
0:0:0:0:0:0:0:1 - - [16/Jul/2024:21:06:28 +0530] "GET /09-jdbc-pool/EmployeeJdbcTest HTTP/1.1" 200 -
127.0.0.1 - - [16/Jul/2024:21:15:00 +0530] "GET / HTTP/1.1" 404 751
0:0:0:0:0:0:0:1 - - [16/Jul/2024:21:15:01 +0530] "GET /09-jdbc-pool/EmployeeJdbcTest HTTP/1.1" 200 -
127.0.0.1 - - [16/Jul/2024:21:15:39 +0530] "GET / HTTP/1.1" 404 751
0:0:0:0:0:0:0:1 - - [16/Jul/2024:21:15:40 +0530] "GET /09-jdbc-pool/EmployeeJdbcTest HTTP/1.1" 200 -
127.0.0.1 - - [16/Jul/2024:21:16:58 +0530] "GET / HTTP/1.1" 404 751
0:0:0:0:0:0:0:1 - - [16/Jul/2024:21:16:59 +0530] "GET /09-jdbc-pool/EmployeeJdbcTest HTTP/1.1" 200 -
